// Jest Snapshot v1, https://goo.gl/fbAQLP

exports[`<Button /> Renders Correctly 1`] = `
<button
  className="sc-bdVaJa jSfqGM"
  onClick={[Function]}
>
  
</button>
`;
