// Jest Snapshot v1, https://goo.gl/fbAQLP

exports[`<Header /> Renders Correctly 1`] = `
<header
  className="Header"
>
  <h1
    className="Header__Logo"
  >
    Slack Deletron
  </h1>
  <div
    className="Header__Meta"
  >
     
    <a
      className="LoginButton"
      href="https://slack.com/oauth/authorize?client_id=123456789.987654321&scope=identity.basic"
    >
      <img
        alt="Sign in with Slack"
        height="40"
        src="https://platform.slack-edge.com/img/sign_in_with_slack.png"
        srcSet="https://platform.slack-edge.com/img/sign_in_with_slack.png 1x, https://platform.slack-edge.com/img/sign_in_with_slack@2x.png 2x"
        width="172"
      />
    </a>
  </div>
</header>
`;
